388
7372
67987780
68206372
36036208219
36151852891
54736957520934
54736957520934
7936417827719287
7936417827719287
55584685342720376391
55584685342720376391
72087430702063581157734
72087430702063581157734
583493614603654980192838497
583493614603654980192831513
639684897564561430089851557
639684897564561430089632965
556314120760111724453569425
556314120760111724337924753
253318326024319680440349072
253318326024319680440349072
713556524078487278707085568
713556524078487278707085568
442200610071980434711056384
442200610071980434711056384
135739783662598543789670400
135739783662598543789670400
0
#load: 711
#store: 767
