main {
	vj: int = const 1;
	r_04: int = const 5;
	r_01: int = const 1;
	r_03: int = const 1;
	r_02: int = add vj r_01;
	r_01: int = sub r_04 r_03;
	r_02: int = mul r_02 r_01;
	r_01: int = const 2;
	r_03: int = add vj r_01;
	r_01: int = const 3;
	r_04: int = add vj r_01;
	vb: int = id r_02;
	r_02: int = const 5;
	r_01: int = add r_03 r_02;
	r_01: int = id r_01;
	r_04: int = add r_04 r_02;
	vj: int = id vb;
	print vj;
	print r_04;
	print r_01;
}
