main {
	r_01: int = const 5;
	r_02: int = const 3;
	r_01: int = add r_01 r_02;
	r_02: int = id r_01;
	r_02: int = add r_01 r_02;
	print r_02;
}
