1
2
3
5
8
13
21
34
55
89
89
#load: 104
#store: 56
