388
8377
10560
13507
17845
21720
19640
18725
17553
27900
32684
34432
38681
43493
43825
43117
33956
37185
32112
29210
27274
26900
27200
23316
20492
12742
14372
5174
5040
#load: 929
#store: 509
